2026-07-20 14:51:04 [INFO] [logger:63] 日志系统初始化完成
2026-07-20 14:51:04 [INFO] [logger:106] 程序启动
2026-07-20 14:51:04 [INFO] [logger:106] 正在初始化THz分析系统...
2026-07-20 14:51:04 [INFO] [logger:106] 配置已加载
2026-07-20 14:51:22 [INFO] [logger:63] 日志系统初始化完成
2026-07-20 14:51:22 [INFO] [logger:106] 程序启动
2026-07-20 14:51:22 [INFO] [logger:106] 正在初始化THz分析系统...
2026-07-20 14:51:22 [INFO] [logger:106] 配置已加载
2026-07-20 14:52:59 [INFO] [logger:63] 日志系统初始化完成
2026-07-20 14:52:59 [INFO] [logger:106] 程序启动
2026-07-20 14:52:59 [INFO] [logger:106] 正在初始化THz分析系统...
2026-07-20 14:52:59 [INFO] [logger:106] 配置已加载
2026-07-20 14:53:16 [INFO] [logger:63] 日志系统初始化完成
2026-07-20 14:53:16 [INFO] [logger:106] 程序启动
2026-07-20 14:53:16 [INFO] [logger:106] 正在初始化THz分析系统...
2026-07-20 14:53:16 [INFO] [logger:106] 配置已加载
2026-07-20 14:56:36 [INFO] [logger:63] 日志系统初始化完成
2026-07-20 14:56:36 [INFO] [logger:106] 程序启动
2026-07-20 14:56:36 [INFO] [logger:106] 正在初始化THz分析系统...
2026-07-20 14:56:36 [INFO] [logger:106] 配置已加载
2026-07-20 14:56:59 [INFO] [logger:63] 日志系统初始化完成
2026-07-20 14:56:59 [INFO] [logger:106] 程序启动
2026-07-20 14:56:59 [INFO] [logger:106] 正在初始化THz分析系统...
2026-07-20 14:56:59 [INFO] [logger:106] 配置已加载
2026-07-20 14:58:25 [INFO] [logger:63] 日志系统初始化完成
2026-07-20 14:58:25 [INFO] [logger:106] 正在初始化THz分析系统...
2026-07-20 14:58:25 [INFO] [logger:106] 配置已加载
2026-07-20 14:58:25 [INFO] [logger:106] THz分析系统初始化完成
2026-07-20 14:58:28 [INFO] [logger:63] 日志系统初始化完成
2026-07-20 14:58:28 [INFO] [logger:106] 程序启动
2026-07-20 14:58:28 [INFO] [logger:106] 正在初始化THz分析系统...
2026-07-20 14:58:28 [INFO] [logger:106] 配置已加载
2026-07-20 14:58:28 [INFO] [logger:106] THz分析系统初始化完成
2026-07-20 14:58:32 [INFO] [logger:106] 选择参考文件: C:/Users/30495/Desktop/12h间隔未加窗/南航10.25-1/reference.txt
2026-07-20 14:58:35 [INFO] [logger:106] 添加 1 个样品文件，跳过 0 个重复文件
2026-07-20 14:58:38 [INFO] [logger:106] 开始异步计算
2026-07-20 14:58:38 [INFO] [logger:106] 开始计算光学参数，样品数量: 1
2026-07-20 14:58:38 [INFO] [logger:106] 成功读取文件: C:/Users/30495/Desktop/12h间隔未加窗/南航10.25-1/reference.txt
2026-07-20 14:58:38 [INFO] [logger:106] 参考信号读取完成，数据点数: 9000
2026-07-20 14:58:38 [INFO] [logger:106] 成功读取文件: C:\Users\30495\Desktop\12h间隔未加窗\南航10.25-1\1-6day-3_20200824143158_Time_processed.txt
2026-07-20 14:58:38 [INFO] [logger:106] 样品 1-6day-3_20200824143158_Time_processed 读取完成
2026-07-20 14:58:38 [INFO] [logger:106] 光学参数计算完成
2026-07-20 14:58:57 [INFO] [logger:63] 日志系统初始化完成
2026-07-20 14:58:57 [INFO] [logger:106] 程序启动
2026-07-20 14:58:57 [INFO] [logger:106] 正在初始化THz分析系统...
2026-07-20 14:58:57 [INFO] [logger:106] 配置已加载
2026-07-20 14:58:57 [INFO] [logger:106] THz分析系统初始化完成
2026-07-20 14:59:01 [INFO] [logger:106] 选择参考文件: C:/Users/30495/Desktop/12h间隔未加窗/南航10.25-1/reference.txt
2026-07-20 14:59:02 [INFO] [logger:106] 添加 1 个样品文件，跳过 0 个重复文件
2026-07-20 14:59:04 [INFO] [logger:106] 开始异步计算
2026-07-20 14:59:04 [INFO] [logger:106] 开始计算光学参数，样品数量: 1
2026-07-20 14:59:04 [INFO] [logger:106] 成功读取文件: C:/Users/30495/Desktop/12h间隔未加窗/南航10.25-1/reference.txt
2026-07-20 14:59:04 [INFO] [logger:106] 参考信号读取完成，数据点数: 9000
2026-07-20 14:59:04 [INFO] [logger:106] 成功读取文件: C:\Users\30495\Desktop\12h间隔未加窗\南航10.25-1\1-6day-4_20200824143512_Time_processed.txt
2026-07-20 14:59:04 [INFO] [logger:106] 样品 1-6day-4_20200824143512_Time_processed 读取完成
2026-07-20 14:59:04 [INFO] [logger:106] 光学参数计算完成
2026-07-20 14:59:27 [INFO] [logger:63] 日志系统初始化完成
2026-07-20 14:59:27 [INFO] [logger:106] 程序启动
2026-07-20 14:59:27 [INFO] [logger:106] 正在初始化THz分析系统...
2026-07-20 14:59:27 [INFO] [logger:106] 配置已加载
2026-07-20 14:59:41 [INFO] [logger:63] 日志系统初始化完成
2026-07-20 14:59:41 [INFO] [logger:106] 程序启动
2026-07-20 14:59:41 [INFO] [logger:106] 正在初始化THz分析系统...
2026-07-20 14:59:41 [INFO] [logger:106] 配置已加载
2026-07-20 14:59:42 [INFO] [logger:106] THz分析系统初始化完成
2026-07-20 14:59:45 [INFO] [logger:106] 选择参考文件: C:/Users/30495/Desktop/12h间隔未加窗/南航10.25-1/reference.txt
2026-07-20 14:59:46 [INFO] [logger:106] 添加 1 个样品文件
2026-07-20 14:59:49 [INFO] [logger:106] 开始异步计算
2026-07-20 14:59:49 [INFO] [logger:106] 开始计算光学参数，样品数量: 1
2026-07-20 14:59:49 [INFO] [logger:106] 成功读取文件: C:/Users/30495/Desktop/12h间隔未加窗/南航10.25-1/reference.txt
2026-07-20 14:59:49 [INFO] [logger:106] 参考信号读取完成，数据点数: 9000
2026-07-20 14:59:50 [INFO] [logger:106] 成功读取文件: C:/Users/30495/Desktop/12h间隔未加窗/南航10.25-1/1-6day-3_20200824143158_Time_processed.txt
2026-07-20 14:59:50 [INFO] [logger:106] 样品 1-6day-3_20200824143158_Time_processed 读取完成
2026-07-20 14:59:50 [INFO] [logger:106] 光学参数计算完成
2026-07-20 14:59:50 [INFO] [logger:106] 计算完成
2026-07-20 14:59:56 [INFO] [logger:106] 配置已保存
2026-07-20 14:59:56 [INFO] [logger:106] 程序关闭
