2026-04-01 15:41:39 [INFO] [logger:63] 日志系统初始化完成
2026-04-01 15:41:39 [INFO] [logger:106] 程序启动
2026-04-01 15:41:39 [INFO] [logger:106] 正在初始化THz分析系统...
2026-04-01 15:41:39 [INFO] [logger:106] 配置已加载
2026-04-01 15:41:40 [INFO] [logger:106] THz分析系统初始化完成
2026-04-01 16:55:11 [INFO] [logger:106] 选择参考文件: C:/Users/30495/Desktop/12h间隔未加窗/南航10.25-1/reference.txt
2026-04-01 16:55:26 [INFO] [logger:106] 添加 4 个样品文件
2026-04-01 16:55:36 [INFO] [logger:106] 开始异步计算
2026-04-01 16:55:36 [INFO] [logger:106] 开始计算光学参数，样品数量: 4
2026-04-01 16:55:36 [INFO] [logger:106] 成功读取文件: C:/Users/30495/Desktop/12h间隔未加窗/南航10.25-1/reference.txt
2026-04-01 16:55:36 [INFO] [logger:106] 参考信号读取完成，数据点数: 9000
2026-04-01 16:55:36 [INFO] [logger:106] 成功读取文件: C:/Users/30495/Desktop/12h间隔未加窗/南航10.25-1/1-6day-5_20200824143841_Time_processed.txt
2026-04-01 16:55:36 [INFO] [logger:106] 样品 1-6day-5_20200824143841_Time_processed 读取完成
2026-04-01 16:55:36 [INFO] [logger:106] 成功读取文件: C:/Users/30495/Desktop/12h间隔未加窗/南航10.25-1/1-5day-12h-3_20200824141602_Time_processed.txt
2026-04-01 16:55:36 [INFO] [logger:106] 样品 1-5day-12h-3_20200824141602_Time_processed 读取完成
2026-04-01 16:55:36 [INFO] [logger:106] 成功读取文件: C:/Users/30495/Desktop/12h间隔未加窗/南航10.25-1/1-4day-12h-2_20200824134342_Time_processed.txt
2026-04-01 16:55:36 [INFO] [logger:106] 样品 1-4day-12h-2_20200824134342_Time_processed 读取完成
2026-04-01 16:55:36 [INFO] [logger:106] 成功读取文件: C:/Users/30495/Desktop/12h间隔未加窗/南航10.25-1/1-3day-12h-2_20200824131111_Time_processed.txt
2026-04-01 16:55:36 [INFO] [logger:106] 样品 1-3day-12h-2_20200824131111_Time_processed 读取完成
2026-04-01 16:55:36 [INFO] [logger:106] 光学参数计算完成
2026-04-01 16:55:36 [INFO] [logger:106] 计算完成
2026-04-01 16:57:25 [INFO] [logger:106] 窗函数参数已保存
2026-04-01 16:57:27 [INFO] [logger:106] 开始异步计算
2026-04-01 16:57:27 [INFO] [logger:106] 开始计算光学参数，样品数量: 4
2026-04-01 16:57:27 [INFO] [logger:106] 成功读取文件: C:/Users/30495/Desktop/12h间隔未加窗/南航10.25-1/reference.txt
2026-04-01 16:57:27 [INFO] [logger:106] 参考信号读取完成，数据点数: 9000
2026-04-01 16:57:28 [INFO] [logger:106] 参考信号窗函数已应用
2026-04-01 16:57:28 [INFO] [logger:106] 成功读取文件: C:/Users/30495/Desktop/12h间隔未加窗/南航10.25-1/1-6day-5_20200824143841_Time_processed.txt
2026-04-01 16:57:28 [INFO] [logger:106] 样品 1-6day-5_20200824143841_Time_processed 读取完成
2026-04-01 16:57:28 [INFO] [logger:106] 成功读取文件: C:/Users/30495/Desktop/12h间隔未加窗/南航10.25-1/1-5day-12h-3_20200824141602_Time_processed.txt
2026-04-01 16:57:28 [INFO] [logger:106] 样品 1-5day-12h-3_20200824141602_Time_processed 读取完成
2026-04-01 16:57:28 [INFO] [logger:106] 成功读取文件: C:/Users/30495/Desktop/12h间隔未加窗/南航10.25-1/1-4day-12h-2_20200824134342_Time_processed.txt
2026-04-01 16:57:28 [INFO] [logger:106] 样品 1-4day-12h-2_20200824134342_Time_processed 读取完成
2026-04-01 16:57:28 [INFO] [logger:106] 成功读取文件: C:/Users/30495/Desktop/12h间隔未加窗/南航10.25-1/1-3day-12h-2_20200824131111_Time_processed.txt
2026-04-01 16:57:28 [INFO] [logger:106] 样品 1-3day-12h-2_20200824131111_Time_processed 读取完成
2026-04-01 16:57:28 [INFO] [logger:106] 光学参数计算完成
2026-04-01 16:57:28 [INFO] [logger:106] 计算完成
